// Jest Snapshot v1, https://goo.gl/fbAQLP

exports[`matches snapshot 1`] = `
<DocumentFragment>
  <div>
    <div>
      <button
        class="btn-close btn-close-white"
        id="removeButton"
      />
    </div>
  </div>
</DocumentFragment>
`;
